15:48:35 **** Auto Build of configuration Debug for project test ****
make pre-build main-build 
a9-linaro-pre-build-step
' '
'Building file: ../src/main.c'
'Invoking: ARM v7 gcc compiler'
arm-none-eabi-gcc -Wall -O0 -g3 -c -fmessage-length=0 -MT"src/main.o" -mcpu=cortex-a9 -mfpu=vfpv3 -mfloat-abi=hard -I../../test_bsp/ps7_cortexa9_0/include -MMD -MP -MF"src/main.d" -MT"src/main.o" -o "src/main.o" "../src/main.c"
../src/main.c: In function 'main':
../src/main.c:907:11: warning: unused variable 'prev_word_31_0' [-Wunused-variable]
  uint32_t prev_word_31_0    = 0;
           ^~~~~~~~~~~~~~
../src/main.c:906:11: warning: unused variable 'prev_word_63_32' [-Wunused-variable]
  uint32_t prev_word_63_32   = 0;
           ^~~~~~~~~~~~~~~
../src/main.c:905:11: warning: unused variable 'prev_word_95_64' [-Wunused-variable]
  uint32_t prev_word_95_64   = 0;
           ^~~~~~~~~~~~~~~
../src/main.c:904:11: warning: unused variable 'prev_word_127_96' [-Wunused-variable]
  uint32_t prev_word_127_96  = 0;
           ^~~~~~~~~~~~~~~~
../src/main.c:903:11: warning: unused variable 'prev_word_159_128' [-Wunused-variable]
  uint32_t prev_word_159_128 = 0;
           ^~~~~~~~~~~~~~~~~
../src/main.c:902:11: warning: unused variable 'prev_word_191_160' [-Wunused-variable]
  uint32_t prev_word_191_160 = 0;
           ^~~~~~~~~~~~~~~~~
../src/main.c:900:11: warning: variable 'word_31_0' set but not used [-Wunused-but-set-variable]
  uint32_t word_31_0;
           ^~~~~~~~~
../src/main.c:899:11: warning: variable 'word_63_32' set but not used [-Wunused-but-set-variable]
  uint32_t word_63_32;
           ^~~~~~~~~~
../src/main.c:898:11: warning: variable 'word_95_64' set but not used [-Wunused-but-set-variable]
  uint32_t word_95_64;
           ^~~~~~~~~~
../src/main.c:897:11: warning: variable 'word_127_96' set but not used [-Wunused-but-set-variable]
  uint32_t word_127_96;
           ^~~~~~~~~~~
../src/main.c:896:11: warning: variable 'word_159_128' set but not used [-Wunused-but-set-variable]
  uint32_t word_159_128;
           ^~~~~~~~~~~~
../src/main.c:895:11: warning: variable 'word_191_160' set but not used [-Wunused-but-set-variable]
  uint32_t word_191_160;
           ^~~~~~~~~~~~
../src/main.c:817:15: warning: unused variable 'TotalRecvCnt' [-Wunused-variable]
  unsigned int TotalRecvCnt = 0;
               ^~~~~~~~~~~~
../src/main.c:816:15: warning: unused variable 'ReceivedCount' [-Wunused-variable]
  unsigned int ReceivedCount = 0;
               ^~~~~~~~~~~~~
../src/main.c:815:6: warning: unused variable 'uartRecvBufferPtr' [-Wunused-variable]
  u8 *uartRecvBufferPtr = uartRecvBufferMain;
      ^~~~~~~~~~~~~~~~~
'Finished building: ../src/main.c'
' '
'Building target: test.elf'
'Invoking: ARM v7 gcc linker'
arm-none-eabi-gcc -mcpu=cortex-a9 -mfpu=vfpv3 -mfloat-abi=hard -Wl,-build-id=none -specs=Xilinx.spec -Wl,-T -Wl,../src/lscript.ld -L../../test_bsp/ps7_cortexa9_0/lib -o "test.elf"  ./src/ad9361.o ./src/ad9361_api.o ./src/ad9361_conv.o ./src/adc_core.o ./src/command.o ./src/console.o ./src/dac_core.o ./src/gpsdo.o ./src/irq_setup.o ./src/main.o ./src/platform.o ./src/platform_hw.o ./src/uart_com.o ./src/util.o   -Wl,--start-group,-lxil,-lgcc,-lc,--end-group
'Finished building target: test.elf'
' '
'Invoking: ARM v7 Print Size'
arm-none-eabi-size test.elf  |tee "test.elf.size"
   text	   data	    bss	    dec	    hex	filename
 268192	   5896	  23904	 297992	  48c08	test.elf
'Finished building: test.elf.size'
' '

15:48:36 Build Finished (took 984ms)

